../Core/Src/main.c:150:7:HAL_UARTEx_RxEventCallback	96	static
../Core/Src/main.c:190:6:buttonpressed	8	static
../Core/Src/main.c:357:6:resetall	16	static
../Core/Src/main.c:409:6:dacset	24	static
../Core/Src/main.c:457:6:modeset	8	static
../Core/Src/main.c:496:6:emergencyset	8	static
../Core/Src/main.c:509:6:pwmset	8	static
../Core/Src/main.c:517:6:uartdecode	8	static
../Core/Src/main.c:599:6:uartencode	40	static
../Core/Src/main.c:652:5:main	8	static
../Core/Src/main.c:772:6:SystemClock_Config	160	static
../Core/Src/main.c:822:13:MX_ADC1_Init	48	static
../Core/Src/main.c:888:13:MX_DAC1_Init	24	static
../Core/Src/main.c:928:13:MX_TIM2_Init	64	static
../Core/Src/main.c:987:13:MX_USART2_UART_Init	8	static
../Core/Src/main.c:1020:13:MX_DMA_Init	16	static
../Core/Src/main.c:1038:13:MX_GPIO_Init	48	static
../Core/Src/main.c:1105:6:Error_Handler	4	static,ignoring_inline_asm
