../Core/Src/main.c:163:7:HAL_UARTEx_RxEventCallback	48	static
../Core/Src/main.c:200:6:buttonpressed	8	static
../Core/Src/main.c:366:6:resetall	16	static
../Core/Src/main.c:420:6:dacset	24	static
../Core/Src/main.c:468:6:modeset	8	static
../Core/Src/main.c:507:6:emergencyset	8	static
../Core/Src/main.c:520:6:pwmset	8	static
../Core/Src/main.c:528:6:uartdecode	8	static
../Core/Src/main.c:611:6:uartencode	8	static
../Core/Src/main.c:675:5:main	8	static
../Core/Src/main.c:797:6:SystemClock_Config	160	static
../Core/Src/main.c:847:13:MX_ADC1_Init	48	static
../Core/Src/main.c:913:13:MX_DAC1_Init	24	static
../Core/Src/main.c:953:13:MX_TIM2_Init	64	static
../Core/Src/main.c:1012:13:MX_USART2_UART_Init	8	static
../Core/Src/main.c:1045:13:MX_DMA_Init	16	static
../Core/Src/main.c:1063:13:MX_GPIO_Init	48	static
../Core/Src/main.c:1130:6:Error_Handler	4	static,ignoring_inline_asm
