../Core/Src/stm32f3xx_it.c:88:6:NMI_Handler	4	static
../Core/Src/stm32f3xx_it.c:103:6:HardFault_Handler	4	static
../Core/Src/stm32f3xx_it.c:118:6:MemManage_Handler	4	static
../Core/Src/stm32f3xx_it.c:133:6:BusFault_Handler	4	static
../Core/Src/stm32f3xx_it.c:148:6:UsageFault_Handler	4	static
../Core/Src/stm32f3xx_it.c:163:6:SVC_Handler	4	static
../Core/Src/stm32f3xx_it.c:176:6:DebugMon_Handler	4	static
../Core/Src/stm32f3xx_it.c:189:6:PendSV_Handler	4	static
../Core/Src/stm32f3xx_it.c:202:6:SysTick_Handler	8	static
../Core/Src/stm32f3xx_it.c:223:6:EXTI1_IRQHandler	8	static
../Core/Src/stm32f3xx_it.c:238:6:DMA1_Channel1_IRQHandler	8	static
../Core/Src/stm32f3xx_it.c:252:6:DMA1_Channel6_IRQHandler	8	static
../Core/Src/stm32f3xx_it.c:266:6:DMA1_Channel7_IRQHandler	8	static
../Core/Src/stm32f3xx_it.c:280:6:ADC1_2_IRQHandler	8	static
../Core/Src/stm32f3xx_it.c:294:6:EXTI9_5_IRQHandler	8	static
../Core/Src/stm32f3xx_it.c:321:6:TIM2_IRQHandler	8	static
../Core/Src/stm32f3xx_it.c:335:6:TIM3_IRQHandler	8	static
../Core/Src/stm32f3xx_it.c:349:6:USART2_IRQHandler	8	static
../Core/Src/stm32f3xx_it.c:363:6:EXTI15_10_IRQHandler	8	static
../Core/Src/stm32f3xx_it.c:398:6:TIM6_DAC_IRQHandler	8	static
